Writing methods and fields different in ClassForDifference and ClassForDifferenceAnotherOne
Methods of ClassForDifference only:
    private static void MethodWithArgsDifferent(List<? super Collection<?> > arg0)
    private int methodWithReturnValue()
    private void methodWithOtherModifiers()

Methods of ClassForDifferenceAnotherOne only:
    private static void MethodWithArgsDifferent(List<? super Collection<? extends List> > arg0)
    public void MethodWithOtherModifiers()
    private T[] methodWithReturnValue()

Fields of ClassForDifference only:
    private final String str = null;
     List<Integer> listInteger = null;
     List<? super K > strangeList = null;
    protected int b = 0;

Fields of ClassForDifferenceAnotherOne only:
    private String str = null;
     List<Integer> listNotOfInteger = null;
     List<?> strangeList = null;
    private int b = 0;

